<?xml version="1.0" encoding="UTF-8"?>
<TestRun id="ab0c6de8-0443-4cb0-8561-22313d5433dd" name="cezar@CEZAR-HP 2012-07-27 22:18:07" runUser="cezar-HP\cezar" xmlns="http://microsoft.com/schemas/VisualStudio/TeamTest/2010">
  <TestSettings name="Local" id="3740fb54-692b-4acc-b3b6-d647341643d6">
    <Description>These are default test settings for a local test run.</Description>
    <Deployment enabled="false" runDeploymentRoot="cezar_CEZAR-HP 2012-07-27 22_18_07">
      <DeploymentItem filename="C:\Users\cezar\Desktop\AAFinal\MvcAutoAuctionFinal\MvcAutoAuction\bin\MvcAutoAuction.dll" />
      <DeploymentItem filename="C:\Users\cezar\Desktop\AAFinal\MvcAutoAuctionFinal\packages\EntityFramework.4.1.10331.0\lib\EntityFramework.dll" />
    </Deployment>
    <Execution>
      <TestTypeSpecific />
      <AgentRule name="Execution Agents">
      </AgentRule>
    </Execution>
  </TestSettings>
  <Times creation="2012-07-27T22:18:07.4367856+01:00" queuing="2012-07-27T22:18:08.3198361+01:00" start="2012-07-27T22:18:08.4068411+01:00" finish="2012-07-27T22:18:08.9918745+01:00" />
  <ResultSummary outcome="Completed">
    <Counters total="4" executed="4" passed="4" error="0" failed="0" timeout="0" aborted="0" inconclusive="0" passedButRunAborted="0" notRunnable="0" notExecuted="0" disconnected="0" warning="0" completed="0" inProgress="0" pending="0" />
  </ResultSummary>
  <TestDefinitions>
    <UnitTest name="CatalogDALConstructorTest" storage="c:\users\cezar\desktop\aafinal\mvcautoauctionfinal\mvcautoauction.tests\bin\debug\mvcautoauction.tests.dll" id="9c977e4c-fc8d-15f6-451c-b0933f711ce1">
      <Execution id="403f7603-58ed-4cae-8bc9-a9818d4ab1af" />
      <TestMethod codeBase="C:/Users/cezar/Desktop/AAFinal/MvcAutoAuctionFinal/MvcAutoAuction.Tests/bin/Debug/MvcAutoAuction.Tests.DLL" adapterTypeName="Microsoft.VisualStudio.TestTools.TestTypes.Unit.UnitTestAdapter, Microsoft.VisualStudio.QualityTools.Tips.UnitTest.Adapter, Version=10.0.0.0, Culture=neutral, PublicKeyToken=b03f5f7f11d50a3a" className="MvcAutoAuction.Tests.CatalogManagerDALTest, MvcAutoAuction.Tests, Version=1.0.0.0, Culture=neutral, PublicKeyToken=null" name="CatalogDALConstructorTest" />
    </UnitTest>
    <UnitTest name="HomeDALConstructorTest" storage="c:\users\cezar\desktop\aafinal\mvcautoauctionfinal\mvcautoauction.tests\bin\debug\mvcautoauction.tests.dll" id="59059c7f-cf7b-ff78-05ce-474a4dc7e7fc">
      <Execution id="25d3885c-d6dd-42ec-874b-560c4ccc71ea" />
      <TestMethod codeBase="C:/Users/cezar/Desktop/AAFinal/MvcAutoAuctionFinal/MvcAutoAuction.Tests/bin/Debug/MvcAutoAuction.Tests.DLL" adapterTypeName="Microsoft.VisualStudio.TestTools.TestTypes.Unit.UnitTestAdapter, Microsoft.VisualStudio.QualityTools.Tips.UnitTest.Adapter, Version=10.0.0.0, Culture=neutral, PublicKeyToken=b03f5f7f11d50a3a" className="MvcAutoAuction.Tests.HomeDALTest, MvcAutoAuction.Tests, Version=1.0.0.0, Culture=neutral, PublicKeyToken=null" name="HomeDALConstructorTest" />
    </UnitTest>
    <UnitTest name="BiddingForm" storage="c:\users\cezar\desktop\aafinal\mvcautoauctionfinal\mvcautoauction.tests\bin\debug\mvcautoauction.tests.dll" id="b8c21f3d-abff-3ddb-717f-b2a6949fc9d0">
      <Execution id="ede900ed-e428-4824-8b2b-6a84d4e5df19" />
      <TestMethod codeBase="C:/Users/cezar/Desktop/AAFinal/MvcAutoAuctionFinal/MvcAutoAuction.Tests/bin/Debug/MvcAutoAuction.Tests.DLL" adapterTypeName="Microsoft.VisualStudio.TestTools.TestTypes.Unit.UnitTestAdapter, Microsoft.VisualStudio.QualityTools.Tips.UnitTest.Adapter, Version=10.0.0.0, Culture=neutral, PublicKeyToken=b03f5f7f11d50a3a" className="MvcAutoAuction.Tests.BidControllerTest, MvcAutoAuction.Tests, Version=1.0.0.0, Culture=neutral, PublicKeyToken=null" name="BiddingForm" />
    </UnitTest>
    <UnitTest name="CatalogDALConstructorTest" storage="c:\users\cezar\desktop\aafinal\mvcautoauctionfinal\mvcautoauction.tests\bin\debug\mvcautoauction.tests.dll" id="99d3826e-9cf8-f798-7943-f58407047fac">
      <Execution id="f50ee10d-7b0b-4839-9b8c-007349cad9cc" />
      <TestMethod codeBase="C:/Users/cezar/Desktop/AAFinal/MvcAutoAuctionFinal/MvcAutoAuction.Tests/bin/Debug/MvcAutoAuction.Tests.DLL" adapterTypeName="Microsoft.VisualStudio.TestTools.TestTypes.Unit.UnitTestAdapter, Microsoft.VisualStudio.QualityTools.Tips.UnitTest.Adapter, Version=10.0.0.0, Culture=neutral, PublicKeyToken=b03f5f7f11d50a3a" className="MvcAutoAuction.Tests.CatalogDALTest, MvcAutoAuction.Tests, Version=1.0.0.0, Culture=neutral, PublicKeyToken=null" name="CatalogDALConstructorTest" />
    </UnitTest>
  </TestDefinitions>
  <TestLists>
    <TestList name="Results Not in a List" id="8c84fa94-04c1-424b-9868-57a2d4851a1d" />
    <TestList name="All Loaded Results" id="19431567-8539-422a-85d7-44ee4e166bda" />
  </TestLists>
  <TestEntries>
    <TestEntry testId="59059c7f-cf7b-ff78-05ce-474a4dc7e7fc" executionId="25d3885c-d6dd-42ec-874b-560c4ccc71ea" testListId="8c84fa94-04c1-424b-9868-57a2d4851a1d" />
    <TestEntry testId="99d3826e-9cf8-f798-7943-f58407047fac" executionId="f50ee10d-7b0b-4839-9b8c-007349cad9cc" testListId="8c84fa94-04c1-424b-9868-57a2d4851a1d" />
    <TestEntry testId="9c977e4c-fc8d-15f6-451c-b0933f711ce1" executionId="403f7603-58ed-4cae-8bc9-a9818d4ab1af" testListId="8c84fa94-04c1-424b-9868-57a2d4851a1d" />
    <TestEntry testId="b8c21f3d-abff-3ddb-717f-b2a6949fc9d0" executionId="ede900ed-e428-4824-8b2b-6a84d4e5df19" testListId="8c84fa94-04c1-424b-9868-57a2d4851a1d" />
  </TestEntries>
  <Results>
    <UnitTestResult executionId="25d3885c-d6dd-42ec-874b-560c4ccc71ea" testId="59059c7f-cf7b-ff78-05ce-474a4dc7e7fc" testName="HomeDALConstructorTest" computerName="CEZAR-HP" duration="00:00:00.1123355" startTime="2012-07-27T22:18:08.4538437+01:00" endTime="2012-07-27T22:18:08.9008693+01:00" testType="13cdc9d9-ddb5-4fa4-a97d-d965ccfc6d4b" outcome="Passed" testListId="8c84fa94-04c1-424b-9868-57a2d4851a1d" relativeResultsDirectory="25d3885c-d6dd-42ec-874b-560c4ccc71ea">
    </UnitTestResult>
    <UnitTestResult executionId="f50ee10d-7b0b-4839-9b8c-007349cad9cc" testId="99d3826e-9cf8-f798-7943-f58407047fac" testName="CatalogDALConstructorTest" computerName="CEZAR-HP" duration="00:00:00.0023887" startTime="2012-07-27T22:18:08.9038695+01:00" endTime="2012-07-27T22:18:08.9108699+01:00" testType="13cdc9d9-ddb5-4fa4-a97d-d965ccfc6d4b" outcome="Passed" testListId="8c84fa94-04c1-424b-9868-57a2d4851a1d" relativeResultsDirectory="f50ee10d-7b0b-4839-9b8c-007349cad9cc">
    </UnitTestResult>
    <UnitTestResult executionId="403f7603-58ed-4cae-8bc9-a9818d4ab1af" testId="9c977e4c-fc8d-15f6-451c-b0933f711ce1" testName="CatalogDALConstructorTest" computerName="CEZAR-HP" duration="00:00:00.0005315" startTime="2012-07-27T22:18:08.9158702+01:00" endTime="2012-07-27T22:18:08.9248707+01:00" testType="13cdc9d9-ddb5-4fa4-a97d-d965ccfc6d4b" outcome="Passed" testListId="8c84fa94-04c1-424b-9868-57a2d4851a1d" relativeResultsDirectory="403f7603-58ed-4cae-8bc9-a9818d4ab1af">
    </UnitTestResult>
    <UnitTestResult executionId="ede900ed-e428-4824-8b2b-6a84d4e5df19" testId="b8c21f3d-abff-3ddb-717f-b2a6949fc9d0" testName="BiddingForm" computerName="CEZAR-HP" duration="00:00:00.0207119" startTime="2012-07-27T22:18:08.9308710+01:00" endTime="2012-07-27T22:18:08.9558725+01:00" testType="13cdc9d9-ddb5-4fa4-a97d-d965ccfc6d4b" outcome="Passed" testListId="8c84fa94-04c1-424b-9868-57a2d4851a1d" relativeResultsDirectory="ede900ed-e428-4824-8b2b-6a84d4e5df19">
    </UnitTestResult>
  </Results>
</TestRun>